PAGES: 12
  page 1: MediaBox 612.00 x 792.00 NOT A4
  page 2: MediaBox 612.00 x 792.00 NOT A4
  page 3: MediaBox 612.00 x 792.00 NOT A4
  page 4: MediaBox 612.00 x 792.00 NOT A4
  page 5: MediaBox 612.00 x 792.00 NOT A4
  page 6: MediaBox 612.00 x 792.00 NOT A4
  page 7: MediaBox 612.00 x 792.00 NOT A4
  page 8: MediaBox 612.00 x 792.00 NOT A4
  page 9: MediaBox 612.00 x 792.00 NOT A4
  page 10: MediaBox 612.00 x 792.00 NOT A4
  page 11: MediaBox 612.00 x 792.00 NOT A4
  page 12: MediaBox 612.00 x 792.00 NOT A4
MEDIABOX-A4: False
P1 has title: True
TOTAL CHARS: 35854
FFFD-RAW: 0
FFFD-IN-TEXT: 0
META: {'/Title': 'The Ultrametric Program: One Structural Object Across Seven Research Domains, and Its Falsifiable Tests', '/Creator': 'Chromium', '/Producer': 'Skia/PDF m151', '/CreationDate': "D:20260823234429+00'00'", '/ModDate': "D:20260823234429+00'00'"}
EXIT=0
