CHECK Landauer 300 K: got=2.8710e-21 expected~2.8710e-21 PASS
CHECK Landauer 15 mK: got=1.4355e-25 expected~1.4350e-25 PASS
CHECK Margolus-Levitin 1e-09: got=1.6565e-25 expected~1.6560e-25 PASS
CHECK Rosetta-Constant: got=8.2079e-25 expected~8.2000e-25 PASS
CHECK Threshold-ratio: got=5.5000e+01 expected~5.5000e+01 PASS

Landauer           300.0 K                2.870979e-21 J/bit
Landauer           77.0 K                 7.368846e-22 J/bit
Landauer           4.0 K                  3.827972e-23 J/bit
Landauer           1.0 K                  9.569930e-24 J/bit
Landauer           0.015 K                1.435489e-25 J/bit
Margolus-Levitin   1e-09 s/op             1.656518e-25 J/op
Margolus-Levitin   1e-10 s/op             1.656518e-24 J/op
Margolus-Levitin   1e-12 s/op             1.656518e-22 J/op
Bremermann         c^2/h                  1.356392e+50 bit/s/kg
Bremermann-variant c^2/hbar               8.522465e+50 rad/s/kg
Rosetta-Constant   k_B*15mK*ln(1/0.019)   8.207923e-25 J/gate
Logical-gate-E-lo  Rosetta*1e2            8.207923e-23 J/logical gate
Logical-gate-E-hi  Rosetta*1e3            8.207923e-22 J/logical gate
Threshold-ratio    p_surf/p_tree          5.500000e+01 dimensionless

SELF-CHECK: ALL PASS
EXIT:0
